<?xml version="1.0" encoding="utf-8" standalone="yes"?><rss version="2.0" xmlns:atom="http://www.w3.org/2005/Atom"><channel><title>Hardware on Yiran's Blog</title><link>https://zdyxry.github.io/tags/Hardware/</link><description>Recent content in Hardware on Yiran's Blog</description><generator>Hugo -- gohugo.io</generator><language>en</language><lastBuildDate>Wed, 05 Jun 2019 20:45:06 +0000</lastBuildDate><atom:link href="https://zdyxry.github.io/tags/Hardware/atom.xml" rel="self" type="application/rss+xml"/><item><title>如何查看磁盘扇区大小</title><link>https://zdyxry.github.io/2019/06/05/%E5%A6%82%E4%BD%95%E6%9F%A5%E7%9C%8B%E7%A3%81%E7%9B%98%E6%89%87%E5%8C%BA%E5%A4%A7%E5%B0%8F/</link><pubDate>Wed, 05 Jun 2019 20:45:06 +0000</pubDate><guid>https://zdyxry.github.io/2019/06/05/%E5%A6%82%E4%BD%95%E6%9F%A5%E7%9C%8B%E7%A3%81%E7%9B%98%E6%89%87%E5%8C%BA%E5%A4%A7%E5%B0%8F/</guid><description>磁盘扇区 Link to heading 引用维基百科：
In computer disk storage, a sector is a subdivision of a track on a magnetic disk or optical disc. Each sector stores a fixed amount of user-accessible data, traditionally 512 bytes for hard disk drives (HDDs) and 2048 bytes for CD-ROMs and DVD-ROMs. Newer HDDs use 4096-byte (4 KiB) sectors, which are known as the Advanced Format (AF).
扇区大小常见的可以分为 512 bytes, 2048 bytes 和 4096 bytes。</description></item><item><title>BIOS vs UEFI</title><link>https://zdyxry.github.io/2019/05/26/BIOS-vs-UEFI/</link><pubDate>Sun, 26 May 2019 08:46:23 +0000</pubDate><guid>https://zdyxry.github.io/2019/05/26/BIOS-vs-UEFI/</guid><description>背景 Link to heading 大家应该都安装过操作系统，PC 或者服务器上。那么我们在安装操作系统时通常需要进入到 BIOS 或 UEFI 界面去安装。之前维护的一个 ISO 版本只支持 BIOS，最近有了支持 UEFI 安装的需求，今天来了解一下其中的差异，之后尝试编写一个支持 UEFI 的 KickStart 配置。
Legacy BIOS Link to heading 按照惯例，引用维基百科中（不同语言对于名词解释信息可能是完全不同的，最好直接看英文）的解释：
BIOS (/ˈbaɪɒs/ BY-oss; an acronym for Basic Input/Output System and also known as the System BIOS, ROM BIOS or PC BIOS) is non-volatile firmware used to perform hardware initialization during the booting process (power-on startup), and to provide runtime services for operating systems and programs.</description></item><item><title>硬件故障坑死人（持续更新）</title><link>https://zdyxry.github.io/2018/09/27/%E7%A1%AC%E4%BB%B6%E6%95%85%E9%9A%9C%E5%9D%91%E6%AD%BB%E4%BA%BA%E6%8C%81%E7%BB%AD%E6%9B%B4%E6%96%B0/</link><pubDate>Thu, 27 Sep 2018 09:35:44 +0000</pubDate><guid>https://zdyxry.github.io/2018/09/27/%E7%A1%AC%E4%BB%B6%E6%95%85%E9%9A%9C%E5%9D%91%E6%AD%BB%E4%BA%BA%E6%8C%81%E7%BB%AD%E6%9B%B4%E6%96%B0/</guid><description>背景 Link to heading 因为公司提供的产品不单单是软件形式提供，还对应的提供一体机形式（服务器 &amp;amp; 相应软件）。正式工作2年多也接触到了一些硬件的坑，特此总结。
磁盘 Link to heading 因为公司主要提供的产品是分布式存储和虚拟化相关产品，最直接的影响也是产生范围最大的影响就是磁盘了，会直接导致存储出现单副本等问题，从而产生数据恢复，影响集群稳定性。
固件版本 Link to heading 数据中心级别磁盘，相比于性能的要求，稳定性才是重中之重。大部分厂商的磁盘均支持 S.M.A.R.T. 规范，也就是“Self-Monitoring Analysis and Reporting Technology”，即“自我监测、分析及报告技术”，是一种自动的硬盘状态检测与预警系统和规范。我们可以通过相应命令比如 smartctl 直接获取磁盘相应信息，或者对磁盘进行检测。
S.M.A.R.T. 存在两个问题：
大部分厂商支持，意味着一部分厂商不支持 不同厂商对于自家磁盘的关键字定义不同 针对上述两个问题，我们只能说做到尽量多的测试踩坑，防止出现意外情况。
介绍了 S.M.A.R.T. ，我们来看看这节标题，固件。磁盘固件版本可以通过 smartctl 或者 sg_utils 工具获取：
[root@node 07:47:14 ~]$smartctl -i /dev/sdc smartctl 6.5 2016-05-07 r4318 [x86_64-linux-3.10.0-693.11.6.el7.smartx.1.x86_64] (local build) Copyright (C) 2002-16, Bruce Allen, Christian Franke, www.smartmontools.org === START OF INFORMATION SECTION === Model Family: Intel 730 and DC S35x0/3610/3700 Series SSDs Device Model: INTEL SSDSC2BA400G4 Serial Number: BTHV518009D3400NGN LU WWN Device Id: 5 5cd2e4 04c00728c Firmware Version: G2010160 User Capacity: 400,088,457,216 bytes [400 GB] Sector Sizes: 512 bytes logical, 4096 bytes physical Rotation Rate: Solid State Device Form Factor: 2.</description></item></channel></rss>